╰── Program "Program"
    ╰── Statements
        ╰── FuncStmt "fn main(): int"
            ├── Name: main
            ├── SynReturnType: int
            ╰── Body
                ├── VarStmt "var x: int"
                │   ├── Name: x
                │   ├── SynType: int
                │   ╰── Value: 42
                ├── VarStmt "var mut y: float"
                │   ├── Name: y
                │   ├── SynType: float
                │   ├── Value: 3.14
                │   ╰── Mutable: ✅
                ├── VarStmt "var name: string"
                │   ├── Name: name
                │   ├── SynType: string
                │   ╰── Value: "azin"
                ╰── ReturnStmt "return"
                    ╰── Value: 0
